[09:28:40 WARN]: [AxGraves] Location task for AxGraves v1.29.0 in world CraftWorld{key=minecraft:overworld} at 38, 39 generated an exception
net.serlith.aurora.exception.RunningOnDifferentThreadException
at java.base/java.lang.Thread.getStackTrace(Thread.java:2193) ~[?:?]
at net.serlith.aurora.exception.RunningOnDifferentThreadException.<init>(RunningOnDifferentThreadException.java:8) ~[aurora-26.2.jar:26.2-26-8fdbf56]
at net.minecraft.network.protocol.PacketUtils.ensureRunningOnSameThread(PacketUtils.java:24) ~[aurora-26.2.jar:26.2-26-8fdbf56]
at net.minecraft.network.protocol.PacketUtils.ensureRunningOnSameThread(PacketUtils.java:18) ~[aurora-26.2.jar:26.2-26-8fdbf56]
at net.minecraft.server.network.ServerGamePacketListenerImpl.handleContainerClose(ServerGamePacketListenerImpl.java:3046) ~[aurora-26.2.jar:26.2-26-8fdbf56]
at org.bukkit.craftbukkit.event.CraftEventFactory.callInventoryOpenEventWithTitle(CraftEventFactory.java:1406) ~[aurora-26.2.jar:26.2-26-8fdbf56]
at org.bukkit.craftbukkit.event.CraftEventFactory.callInventoryOpenEventWithTitle(CraftEventFactory.java:1399) ~[aurora-26.2.jar:26.2-26-8fdbf56]
at org.bukkit.craftbukkit.entity.CraftHumanEntity.openCustomInventory(CraftHumanEntity.java:376) ~[aurora-26.2.jar:26.2-26-8fdbf56]
at org.bukkit.craftbukkit.entity.CraftHumanEntity.openInventory(CraftHumanEntity.java:360) ~[aurora-26.2.jar:26.2-26-8fdbf56]
at AxGraves-1.29.0.jar//com.artillexstudios.axgraves.grave.Grave.interact(Grave.java:203) ~[?:?]
at AxGraves-1.29.0.jar//com.artillexstudios.axgraves.grave.Grave.lambda$new$3(Grave.java:109) ~[?:?]
at AxGraves-1.29.0.jar//com.artillexstudios.axgraves.libs.axapi.scheduler.impl.FoliaScheduler.lambda$runAt$11(FoliaScheduler.java:83) ~[?:?]
at net.serlith.aurora.threadedregions.scheduler.WorldRegionScheduler$LocationScheduledTask.run(WorldRegionScheduler.java:215) ~[aurora-26.2.jar:26.2-26-8fdbf56]
at net.serlith.aurora.threadedregions.scheduler.WorldRegionScheduler$Scheduler.handleDelayedTasks(WorldRegionScheduler.java:154) ~[aurora-26.2.jar:26.2-26-8fdbf56]
at net.serlith.aurora.threadedregions.scheduler.WorldRegionScheduler$Scheduler.tick(WorldRegionScheduler.java:122) ~[aurora-26.2.jar:26.2-26-8fdbf56]
at net.serlith.aurora.threadedregions.scheduler.WorldRegionScheduler.tickWorld(WorldRegionScheduler.java:109) ~[aurora-26.2.jar:26.2-26-8fdbf56]
at net.serlith.aurora.async.AsyncWorldTicking.lambda$tickWorlds$0(AsyncWorldTicking.java:71) ~[aurora-26.2.jar:26.2-26-8fdbf56]
at java.base/java.util.concurrent.CompletableFuture$AsyncRun.run(CompletableFuture.java:1825) ~[?:?]
at java.base/java.util.concurrent.ThreadPoolExecutor.runWorker(ThreadPoolExecutor.java:1090) ~[?:?]
at java.base/java.util.concurrent.ThreadPoolExecutor$Worker.run(ThreadPoolExecutor.java:614) ~[?:?]
at java.base/java.lang.Thread.run(Thread.java:1474) ~[?:?]
